// Jest Snapshot v1, https://goo.gl/fbAQLP

exports[`HelloWorld renders 1`] = `"hello world"`;
